
┌─────────────────────────────────────────────────┐
│   🚀 Development Server Running                 │
└─────────────────────────────────────────────────┘

  Local:            http://localhost:5500
  Network:          http://127.0.0.1:5500
  Listening on:     0.0.0.0:5500 (all interfaces)

  ✓ Accessible via SSH tunnel

  Press Ctrl+C to stop the server

─────────────────────────────────────────────────

[2026-01-22T12:40:58.244Z] GET /
[2026-01-22T12:40:58.244Z] ✓ 200: /index.html (text/html)
[2026-01-22T12:41:01.595Z] GET /
[2026-01-22T12:41:01.595Z] ✓ 200: /index.html (text/html)
[2026-01-22T12:41:40.891Z] GET /
[2026-01-22T12:41:40.891Z] ✓ 200: /index.html (text/html)
[2026-01-22T12:41:44.144Z] GET /
[2026-01-22T12:41:44.144Z] ✓ 200: /index.html (text/html)
[2026-01-22T12:41:47.026Z] GET /styles.css
[2026-01-22T12:41:47.026Z] ✓ 200: /styles.css (text/css)
[2026-01-22T12:41:51.370Z] GET /styles.css
[2026-01-22T12:41:51.370Z] ✓ 200: /styles.css (text/css)
[2026-01-22T12:41:58.744Z] GET /styles.css
[2026-01-22T12:41:58.744Z] ✓ 200: /styles.css (text/css)
[2026-01-22T12:42:32.098Z] GET /
[2026-01-22T12:42:32.098Z] ✓ 200: /index.html (text/html)
[2026-01-22T12:42:37.032Z] GET /
[2026-01-22T12:42:37.032Z] ✓ 200: /index.html (text/html)
[2026-01-22T12:42:40.378Z] GET /
[2026-01-22T12:42:40.378Z] ✓ 200: /index.html (text/html)
[2026-01-22T12:43:06.785Z] GET /styles.css
[2026-01-22T12:43:06.785Z] ✓ 200: /styles.css (text/css)
[2026-01-22T12:43:11.249Z] GET /
[2026-01-22T12:43:11.249Z] ✓ 200: /index.html (text/html)
[2026-01-22T12:43:15.484Z] GET /
[2026-01-22T12:43:15.484Z] ✓ 200: /index.html (text/html)
[2026-01-22T12:43:19.731Z] GET /
[2026-01-22T12:43:19.731Z] ✓ 200: /index.html (text/html)
[2026-01-22T12:43:41.014Z] GET /
[2026-01-22T12:43:41.014Z] ✓ 200: /index.html (text/html)
[2026-01-22T12:45:22.224Z] GET /
[2026-01-22T12:45:22.224Z] ✓ 200: /index.html (text/html)


🛑 Server shutting down gracefully...
✓ Server closed

